// Jest Snapshot v1, https://goo.gl/fbAQLP

exports[`renders without crashing 1`] = `
ShallowWrapper {
  "length": 1,
  Symbol(enzyme.__root__): [Circular],
  Symbol(enzyme.__unrendered__): <Clients />,
  Symbol(enzyme.__renderer__): Object {
    "batchedUpdates": [Function],
    "getNode": [Function],
    "render": [Function],
    "simulateEvent": [Function],
    "unmount": [Function],
  },
  Symbol(enzyme.__node__): Object {
    "instance": null,
    "key": undefined,
    "nodeType": "host",
    "props": Object {
      "children": Array [
        <HelmetWrapper
          defer={true}
          encodeSpecialCharacters={true}
          title="clients"
        />,
        <Grid
          page="ourClients"
        >
          <header>
            <PageTitle
              introText="Ons bedrijf is in 2000 opgericht als het eerste digital focussed onderzoeks- en strategiebureau van Nederland. Sindsdien blijven we deze titel verdienen door producten te maken die er echt toe doen in iemands leven."
              introTitle="Onze evolutie in tijd"
              pageTitle="5.1 Klanten"
            />
            <Intro
              introText="Ons bedrijf is in 2000 opgericht als het eerste digital focussed onderzoeks- en strategiebureau van Nederland. Sindsdien blijven we deze titel verdienen door producten te maken die er echt toe doen in iemands leven."
              introTitle="Onze evolutie in tijd"
              pageTitle="5.1 Klanten"
            />
          </header>
        </Grid>,
      ],
      "className": "clients",
      "data-test": undefined,
    },
    "ref": null,
    "rendered": Array [
      Object {
        "instance": null,
        "key": undefined,
        "nodeType": "class",
        "props": Object {
          "defer": true,
          "encodeSpecialCharacters": true,
          "title": "clients",
        },
        "ref": null,
        "rendered": null,
        "type": [Function],
      },
      Object {
        "instance": null,
        "key": undefined,
        "nodeType": "function",
        "props": Object {
          "children": <header>
            <PageTitle
              introText="Ons bedrijf is in 2000 opgericht als het eerste digital focussed onderzoeks- en strategiebureau van Nederland. Sindsdien blijven we deze titel verdienen door producten te maken die er echt toe doen in iemands leven."
              introTitle="Onze evolutie in tijd"
              pageTitle="5.1 Klanten"
            />
            <Intro
              introText="Ons bedrijf is in 2000 opgericht als het eerste digital focussed onderzoeks- en strategiebureau van Nederland. Sindsdien blijven we deze titel verdienen door producten te maken die er echt toe doen in iemands leven."
              introTitle="Onze evolutie in tijd"
              pageTitle="5.1 Klanten"
            />
          </header>,
          "page": "ourClients",
        },
        "ref": null,
        "rendered": Object {
          "instance": null,
          "key": undefined,
          "nodeType": "host",
          "props": Object {
            "children": Array [
              <PageTitle
                introText="Ons bedrijf is in 2000 opgericht als het eerste digital focussed onderzoeks- en strategiebureau van Nederland. Sindsdien blijven we deze titel verdienen door producten te maken die er echt toe doen in iemands leven."
                introTitle="Onze evolutie in tijd"
                pageTitle="5.1 Klanten"
              />,
              <Intro
                introText="Ons bedrijf is in 2000 opgericht als het eerste digital focussed onderzoeks- en strategiebureau van Nederland. Sindsdien blijven we deze titel verdienen door producten te maken die er echt toe doen in iemands leven."
                introTitle="Onze evolutie in tijd"
                pageTitle="5.1 Klanten"
              />,
            ],
          },
          "ref": null,
          "rendered": Array [
            Object {
              "instance": null,
              "key": undefined,
              "nodeType": "function",
              "props": Object {
                "introText": "Ons bedrijf is in 2000 opgericht als het eerste digital focussed onderzoeks- en strategiebureau van Nederland. Sindsdien blijven we deze titel verdienen door producten te maken die er echt toe doen in iemands leven.",
                "introTitle": "Onze evolutie in tijd",
                "pageTitle": "5.1 Klanten",
              },
              "ref": null,
              "rendered": null,
              "type": [Function],
            },
            Object {
              "instance": null,
              "key": undefined,
              "nodeType": "function",
              "props": Object {
                "introText": "Ons bedrijf is in 2000 opgericht als het eerste digital focussed onderzoeks- en strategiebureau van Nederland. Sindsdien blijven we deze titel verdienen door producten te maken die er echt toe doen in iemands leven.",
                "introTitle": "Onze evolutie in tijd",
                "pageTitle": "5.1 Klanten",
              },
              "ref": null,
              "rendered": null,
              "type": [Function],
            },
          ],
          "type": "header",
        },
        "type": [Function],
      },
    ],
    "type": "div",
  },
  Symbol(enzyme.__nodes__): Array [
    Object {
      "instance": null,
      "key": undefined,
      "nodeType": "host",
      "props": Object {
        "children": Array [
          <HelmetWrapper
            defer={true}
            encodeSpecialCharacters={true}
            title="clients"
          />,
          <Grid
            page="ourClients"
          >
            <header>
              <PageTitle
                introText="Ons bedrijf is in 2000 opgericht als het eerste digital focussed onderzoeks- en strategiebureau van Nederland. Sindsdien blijven we deze titel verdienen door producten te maken die er echt toe doen in iemands leven."
                introTitle="Onze evolutie in tijd"
                pageTitle="5.1 Klanten"
              />
              <Intro
                introText="Ons bedrijf is in 2000 opgericht als het eerste digital focussed onderzoeks- en strategiebureau van Nederland. Sindsdien blijven we deze titel verdienen door producten te maken die er echt toe doen in iemands leven."
                introTitle="Onze evolutie in tijd"
                pageTitle="5.1 Klanten"
              />
            </header>
          </Grid>,
        ],
        "className": "clients",
        "data-test": undefined,
      },
      "ref": null,
      "rendered": Array [
        Object {
          "instance": null,
          "key": undefined,
          "nodeType": "class",
          "props": Object {
            "defer": true,
            "encodeSpecialCharacters": true,
            "title": "clients",
          },
          "ref": null,
          "rendered": null,
          "type": [Function],
        },
        Object {
          "instance": null,
          "key": undefined,
          "nodeType": "function",
          "props": Object {
            "children": <header>
              <PageTitle
                introText="Ons bedrijf is in 2000 opgericht als het eerste digital focussed onderzoeks- en strategiebureau van Nederland. Sindsdien blijven we deze titel verdienen door producten te maken die er echt toe doen in iemands leven."
                introTitle="Onze evolutie in tijd"
                pageTitle="5.1 Klanten"
              />
              <Intro
                introText="Ons bedrijf is in 2000 opgericht als het eerste digital focussed onderzoeks- en strategiebureau van Nederland. Sindsdien blijven we deze titel verdienen door producten te maken die er echt toe doen in iemands leven."
                introTitle="Onze evolutie in tijd"
                pageTitle="5.1 Klanten"
              />
            </header>,
            "page": "ourClients",
          },
          "ref": null,
          "rendered": Object {
            "instance": null,
            "key": undefined,
            "nodeType": "host",
            "props": Object {
              "children": Array [
                <PageTitle
                  introText="Ons bedrijf is in 2000 opgericht als het eerste digital focussed onderzoeks- en strategiebureau van Nederland. Sindsdien blijven we deze titel verdienen door producten te maken die er echt toe doen in iemands leven."
                  introTitle="Onze evolutie in tijd"
                  pageTitle="5.1 Klanten"
                />,
                <Intro
                  introText="Ons bedrijf is in 2000 opgericht als het eerste digital focussed onderzoeks- en strategiebureau van Nederland. Sindsdien blijven we deze titel verdienen door producten te maken die er echt toe doen in iemands leven."
                  introTitle="Onze evolutie in tijd"
                  pageTitle="5.1 Klanten"
                />,
              ],
            },
            "ref": null,
            "rendered": Array [
              Object {
                "instance": null,
                "key": undefined,
                "nodeType": "function",
                "props": Object {
                  "introText": "Ons bedrijf is in 2000 opgericht als het eerste digital focussed onderzoeks- en strategiebureau van Nederland. Sindsdien blijven we deze titel verdienen door producten te maken die er echt toe doen in iemands leven.",
                  "introTitle": "Onze evolutie in tijd",
                  "pageTitle": "5.1 Klanten",
                },
                "ref": null,
                "rendered": null,
                "type": [Function],
              },
              Object {
                "instance": null,
                "key": undefined,
                "nodeType": "function",
                "props": Object {
                  "introText": "Ons bedrijf is in 2000 opgericht als het eerste digital focussed onderzoeks- en strategiebureau van Nederland. Sindsdien blijven we deze titel verdienen door producten te maken die er echt toe doen in iemands leven.",
                  "introTitle": "Onze evolutie in tijd",
                  "pageTitle": "5.1 Klanten",
                },
                "ref": null,
                "rendered": null,
                "type": [Function],
              },
            ],
            "type": "header",
          },
          "type": [Function],
        },
      ],
      "type": "div",
    },
  ],
  Symbol(enzyme.__options__): Object {
    "adapter": ReactSixteenAdapter {
      "options": Object {
        "enableComponentDidUpdateOnSetState": true,
      },
    },
  },
}
`;
