// Jest Snapshot v1, https://goo.gl/fbAQLP

exports[`renders without crashing 1`] = `
ShallowWrapper {
  "length": 1,
  Symbol(enzyme.__root__): [Circular],
  Symbol(enzyme.__unrendered__): <Navigation />,
  Symbol(enzyme.__renderer__): Object {
    "batchedUpdates": [Function],
    "getNode": [Function],
    "render": [Function],
    "simulateEvent": [Function],
    "unmount": [Function],
  },
  Symbol(enzyme.__node__): Object {
    "instance": null,
    "key": undefined,
    "nodeType": "class",
    "props": Object {
      "children": <Navigation__Wrapper>
        <Navigation__Logo>
          <Jungle />
        </Navigation__Logo>
        <Navigation__List>
          <Navigation__Item>
            <Navigation__ItemLink
              activeStyle={
                Object {
                  "color": "#ffa50d",
                }
              }
              title="Overview"
              to="/overview"
            >
              Overview
            </Navigation__ItemLink>
          </Navigation__Item>
          <Navigation__Item>
            <Navigation__ItemLink
              activeStyle={
                Object {
                  "color": "#ffa50d",
                }
              }
              title="0.0 FAQ"
              to="/faq"
            >
              0.0 FAQ
            </Navigation__ItemLink>
          </Navigation__Item>
          <Navigation__Item>
            <Navigation__ItemLink
              activeStyle={
                Object {
                  "color": "#ffa50d",
                }
              }
              title="0.1 Jungle Minds"
              to="/jungleMinds"
            >
              0.1 Jungle Minds
            </Navigation__ItemLink>
          </Navigation__Item>
          <Navigation__Item>
            <Navigation__ItemLink
              activeStyle={
                Object {
                  "color": "#ffa50d",
                }
              }
              title="0.2 The Jungle Culture"
              to="/jungleCulture"
            >
              0.2 The Jungle Culture
            </Navigation__ItemLink>
          </Navigation__Item>
          <Navigation__Item>
            <Navigation__ItemLink
              activeStyle={
                Object {
                  "color": "#ffa50d",
                }
              }
              title="0.3 Our People"
              to="/ourPeople"
            >
              0.3 Our People
            </Navigation__ItemLink>
          </Navigation__Item>
          <Navigation__Item>
            <Navigation__ItemLink
              activeStyle={
                Object {
                  "color": "#ffa50d",
                }
              }
              title="0.4 How We Work"
              to="/howWeWork"
            >
              0.4 How We Work
            </Navigation__ItemLink>
          </Navigation__Item>
          <Navigation__Item>
            <Navigation__ItemLink
              activeStyle={
                Object {
                  "color": "#ffa50d",
                }
              }
              title="0.5 Our Clients"
              to="/ourClients"
            >
              0.5 Our Clients
            </Navigation__ItemLink>
          </Navigation__Item>
        </Navigation__List>
      </Navigation__Wrapper>,
    },
    "ref": null,
    "rendered": Object {
      "instance": null,
      "key": undefined,
      "nodeType": "class",
      "props": Object {
        "children": Array [
          <Navigation__Logo>
            <Jungle />
          </Navigation__Logo>,
          <Navigation__List>
            <Navigation__Item>
              <Navigation__ItemLink
                activeStyle={
                  Object {
                    "color": "#ffa50d",
                  }
                }
                title="Overview"
                to="/overview"
              >
                Overview
              </Navigation__ItemLink>
            </Navigation__Item>
            <Navigation__Item>
              <Navigation__ItemLink
                activeStyle={
                  Object {
                    "color": "#ffa50d",
                  }
                }
                title="0.0 FAQ"
                to="/faq"
              >
                0.0 FAQ
              </Navigation__ItemLink>
            </Navigation__Item>
            <Navigation__Item>
              <Navigation__ItemLink
                activeStyle={
                  Object {
                    "color": "#ffa50d",
                  }
                }
                title="0.1 Jungle Minds"
                to="/jungleMinds"
              >
                0.1 Jungle Minds
              </Navigation__ItemLink>
            </Navigation__Item>
            <Navigation__Item>
              <Navigation__ItemLink
                activeStyle={
                  Object {
                    "color": "#ffa50d",
                  }
                }
                title="0.2 The Jungle Culture"
                to="/jungleCulture"
              >
                0.2 The Jungle Culture
              </Navigation__ItemLink>
            </Navigation__Item>
            <Navigation__Item>
              <Navigation__ItemLink
                activeStyle={
                  Object {
                    "color": "#ffa50d",
                  }
                }
                title="0.3 Our People"
                to="/ourPeople"
              >
                0.3 Our People
              </Navigation__ItemLink>
            </Navigation__Item>
            <Navigation__Item>
              <Navigation__ItemLink
                activeStyle={
                  Object {
                    "color": "#ffa50d",
                  }
                }
                title="0.4 How We Work"
                to="/howWeWork"
              >
                0.4 How We Work
              </Navigation__ItemLink>
            </Navigation__Item>
            <Navigation__Item>
              <Navigation__ItemLink
                activeStyle={
                  Object {
                    "color": "#ffa50d",
                  }
                }
                title="0.5 Our Clients"
                to="/ourClients"
              >
                0.5 Our Clients
              </Navigation__ItemLink>
            </Navigation__Item>
          </Navigation__List>,
        ],
      },
      "ref": null,
      "rendered": Array [
        Object {
          "instance": null,
          "key": undefined,
          "nodeType": "class",
          "props": Object {
            "children": <Jungle />,
          },
          "ref": null,
          "rendered": Object {
            "instance": null,
            "key": undefined,
            "nodeType": "function",
            "props": Object {},
            "ref": null,
            "rendered": null,
            "type": [Function],
          },
          "type": [Function],
        },
        Object {
          "instance": null,
          "key": undefined,
          "nodeType": "class",
          "props": Object {
            "children": Array [
              <Navigation__Item>
                <Navigation__ItemLink
                  activeStyle={
                    Object {
                      "color": "#ffa50d",
                    }
                  }
                  title="Overview"
                  to="/overview"
                >
                  Overview
                </Navigation__ItemLink>
              </Navigation__Item>,
              <Navigation__Item>
                <Navigation__ItemLink
                  activeStyle={
                    Object {
                      "color": "#ffa50d",
                    }
                  }
                  title="0.0 FAQ"
                  to="/faq"
                >
                  0.0 FAQ
                </Navigation__ItemLink>
              </Navigation__Item>,
              <Navigation__Item>
                <Navigation__ItemLink
                  activeStyle={
                    Object {
                      "color": "#ffa50d",
                    }
                  }
                  title="0.1 Jungle Minds"
                  to="/jungleMinds"
                >
                  0.1 Jungle Minds
                </Navigation__ItemLink>
              </Navigation__Item>,
              <Navigation__Item>
                <Navigation__ItemLink
                  activeStyle={
                    Object {
                      "color": "#ffa50d",
                    }
                  }
                  title="0.2 The Jungle Culture"
                  to="/jungleCulture"
                >
                  0.2 The Jungle Culture
                </Navigation__ItemLink>
              </Navigation__Item>,
              <Navigation__Item>
                <Navigation__ItemLink
                  activeStyle={
                    Object {
                      "color": "#ffa50d",
                    }
                  }
                  title="0.3 Our People"
                  to="/ourPeople"
                >
                  0.3 Our People
                </Navigation__ItemLink>
              </Navigation__Item>,
              <Navigation__Item>
                <Navigation__ItemLink
                  activeStyle={
                    Object {
                      "color": "#ffa50d",
                    }
                  }
                  title="0.4 How We Work"
                  to="/howWeWork"
                >
                  0.4 How We Work
                </Navigation__ItemLink>
              </Navigation__Item>,
              <Navigation__Item>
                <Navigation__ItemLink
                  activeStyle={
                    Object {
                      "color": "#ffa50d",
                    }
                  }
                  title="0.5 Our Clients"
                  to="/ourClients"
                >
                  0.5 Our Clients
                </Navigation__ItemLink>
              </Navigation__Item>,
            ],
          },
          "ref": null,
          "rendered": Array [
            Object {
              "instance": null,
              "key": "0",
              "nodeType": "class",
              "props": Object {
                "children": <Navigation__ItemLink
                  activeStyle={
                    Object {
                      "color": "#ffa50d",
                    }
                  }
                  title="Overview"
                  to="/overview"
                >
                  Overview
                </Navigation__ItemLink>,
              },
              "ref": null,
              "rendered": Object {
                "instance": null,
                "key": undefined,
                "nodeType": "class",
                "props": Object {
                  "activeStyle": Object {
                    "color": "#ffa50d",
                  },
                  "children": "Overview",
                  "title": "Overview",
                  "to": "/overview",
                },
                "ref": null,
                "rendered": "Overview",
                "type": [Function],
              },
              "type": [Function],
            },
            Object {
              "instance": null,
              "key": "1",
              "nodeType": "class",
              "props": Object {
                "children": <Navigation__ItemLink
                  activeStyle={
                    Object {
                      "color": "#ffa50d",
                    }
                  }
                  title="0.0 FAQ"
                  to="/faq"
                >
                  0.0 FAQ
                </Navigation__ItemLink>,
              },
              "ref": null,
              "rendered": Object {
                "instance": null,
                "key": undefined,
                "nodeType": "class",
                "props": Object {
                  "activeStyle": Object {
                    "color": "#ffa50d",
                  },
                  "children": "0.0 FAQ",
                  "title": "0.0 FAQ",
                  "to": "/faq",
                },
                "ref": null,
                "rendered": "0.0 FAQ",
                "type": [Function],
              },
              "type": [Function],
            },
            Object {
              "instance": null,
              "key": "2",
              "nodeType": "class",
              "props": Object {
                "children": <Navigation__ItemLink
                  activeStyle={
                    Object {
                      "color": "#ffa50d",
                    }
                  }
                  title="0.1 Jungle Minds"
                  to="/jungleMinds"
                >
                  0.1 Jungle Minds
                </Navigation__ItemLink>,
              },
              "ref": null,
              "rendered": Object {
                "instance": null,
                "key": undefined,
                "nodeType": "class",
                "props": Object {
                  "activeStyle": Object {
                    "color": "#ffa50d",
                  },
                  "children": "0.1 Jungle Minds",
                  "title": "0.1 Jungle Minds",
                  "to": "/jungleMinds",
                },
                "ref": null,
                "rendered": "0.1 Jungle Minds",
                "type": [Function],
              },
              "type": [Function],
            },
            Object {
              "instance": null,
              "key": "3",
              "nodeType": "class",
              "props": Object {
                "children": <Navigation__ItemLink
                  activeStyle={
                    Object {
                      "color": "#ffa50d",
                    }
                  }
                  title="0.2 The Jungle Culture"
                  to="/jungleCulture"
                >
                  0.2 The Jungle Culture
                </Navigation__ItemLink>,
              },
              "ref": null,
              "rendered": Object {
                "instance": null,
                "key": undefined,
                "nodeType": "class",
                "props": Object {
                  "activeStyle": Object {
                    "color": "#ffa50d",
                  },
                  "children": "0.2 The Jungle Culture",
                  "title": "0.2 The Jungle Culture",
                  "to": "/jungleCulture",
                },
                "ref": null,
                "rendered": "0.2 The Jungle Culture",
                "type": [Function],
              },
              "type": [Function],
            },
            Object {
              "instance": null,
              "key": "4",
              "nodeType": "class",
              "props": Object {
                "children": <Navigation__ItemLink
                  activeStyle={
                    Object {
                      "color": "#ffa50d",
                    }
                  }
                  title="0.3 Our People"
                  to="/ourPeople"
                >
                  0.3 Our People
                </Navigation__ItemLink>,
              },
              "ref": null,
              "rendered": Object {
                "instance": null,
                "key": undefined,
                "nodeType": "class",
                "props": Object {
                  "activeStyle": Object {
                    "color": "#ffa50d",
                  },
                  "children": "0.3 Our People",
                  "title": "0.3 Our People",
                  "to": "/ourPeople",
                },
                "ref": null,
                "rendered": "0.3 Our People",
                "type": [Function],
              },
              "type": [Function],
            },
            Object {
              "instance": null,
              "key": "5",
              "nodeType": "class",
              "props": Object {
                "children": <Navigation__ItemLink
                  activeStyle={
                    Object {
                      "color": "#ffa50d",
                    }
                  }
                  title="0.4 How We Work"
                  to="/howWeWork"
                >
                  0.4 How We Work
                </Navigation__ItemLink>,
              },
              "ref": null,
              "rendered": Object {
                "instance": null,
                "key": undefined,
                "nodeType": "class",
                "props": Object {
                  "activeStyle": Object {
                    "color": "#ffa50d",
                  },
                  "children": "0.4 How We Work",
                  "title": "0.4 How We Work",
                  "to": "/howWeWork",
                },
                "ref": null,
                "rendered": "0.4 How We Work",
                "type": [Function],
              },
              "type": [Function],
            },
            Object {
              "instance": null,
              "key": "6",
              "nodeType": "class",
              "props": Object {
                "children": <Navigation__ItemLink
                  activeStyle={
                    Object {
                      "color": "#ffa50d",
                    }
                  }
                  title="0.5 Our Clients"
                  to="/ourClients"
                >
                  0.5 Our Clients
                </Navigation__ItemLink>,
              },
              "ref": null,
              "rendered": Object {
                "instance": null,
                "key": undefined,
                "nodeType": "class",
                "props": Object {
                  "activeStyle": Object {
                    "color": "#ffa50d",
                  },
                  "children": "0.5 Our Clients",
                  "title": "0.5 Our Clients",
                  "to": "/ourClients",
                },
                "ref": null,
                "rendered": "0.5 Our Clients",
                "type": [Function],
              },
              "type": [Function],
            },
          ],
          "type": [Function],
        },
      ],
      "type": [Function],
    },
    "type": [Function],
  },
  Symbol(enzyme.__nodes__): Array [
    Object {
      "instance": null,
      "key": undefined,
      "nodeType": "class",
      "props": Object {
        "children": <Navigation__Wrapper>
          <Navigation__Logo>
            <Jungle />
          </Navigation__Logo>
          <Navigation__List>
            <Navigation__Item>
              <Navigation__ItemLink
                activeStyle={
                  Object {
                    "color": "#ffa50d",
                  }
                }
                title="Overview"
                to="/overview"
              >
                Overview
              </Navigation__ItemLink>
            </Navigation__Item>
            <Navigation__Item>
              <Navigation__ItemLink
                activeStyle={
                  Object {
                    "color": "#ffa50d",
                  }
                }
                title="0.0 FAQ"
                to="/faq"
              >
                0.0 FAQ
              </Navigation__ItemLink>
            </Navigation__Item>
            <Navigation__Item>
              <Navigation__ItemLink
                activeStyle={
                  Object {
                    "color": "#ffa50d",
                  }
                }
                title="0.1 Jungle Minds"
                to="/jungleMinds"
              >
                0.1 Jungle Minds
              </Navigation__ItemLink>
            </Navigation__Item>
            <Navigation__Item>
              <Navigation__ItemLink
                activeStyle={
                  Object {
                    "color": "#ffa50d",
                  }
                }
                title="0.2 The Jungle Culture"
                to="/jungleCulture"
              >
                0.2 The Jungle Culture
              </Navigation__ItemLink>
            </Navigation__Item>
            <Navigation__Item>
              <Navigation__ItemLink
                activeStyle={
                  Object {
                    "color": "#ffa50d",
                  }
                }
                title="0.3 Our People"
                to="/ourPeople"
              >
                0.3 Our People
              </Navigation__ItemLink>
            </Navigation__Item>
            <Navigation__Item>
              <Navigation__ItemLink
                activeStyle={
                  Object {
                    "color": "#ffa50d",
                  }
                }
                title="0.4 How We Work"
                to="/howWeWork"
              >
                0.4 How We Work
              </Navigation__ItemLink>
            </Navigation__Item>
            <Navigation__Item>
              <Navigation__ItemLink
                activeStyle={
                  Object {
                    "color": "#ffa50d",
                  }
                }
                title="0.5 Our Clients"
                to="/ourClients"
              >
                0.5 Our Clients
              </Navigation__ItemLink>
            </Navigation__Item>
          </Navigation__List>
        </Navigation__Wrapper>,
      },
      "ref": null,
      "rendered": Object {
        "instance": null,
        "key": undefined,
        "nodeType": "class",
        "props": Object {
          "children": Array [
            <Navigation__Logo>
              <Jungle />
            </Navigation__Logo>,
            <Navigation__List>
              <Navigation__Item>
                <Navigation__ItemLink
                  activeStyle={
                    Object {
                      "color": "#ffa50d",
                    }
                  }
                  title="Overview"
                  to="/overview"
                >
                  Overview
                </Navigation__ItemLink>
              </Navigation__Item>
              <Navigation__Item>
                <Navigation__ItemLink
                  activeStyle={
                    Object {
                      "color": "#ffa50d",
                    }
                  }
                  title="0.0 FAQ"
                  to="/faq"
                >
                  0.0 FAQ
                </Navigation__ItemLink>
              </Navigation__Item>
              <Navigation__Item>
                <Navigation__ItemLink
                  activeStyle={
                    Object {
                      "color": "#ffa50d",
                    }
                  }
                  title="0.1 Jungle Minds"
                  to="/jungleMinds"
                >
                  0.1 Jungle Minds
                </Navigation__ItemLink>
              </Navigation__Item>
              <Navigation__Item>
                <Navigation__ItemLink
                  activeStyle={
                    Object {
                      "color": "#ffa50d",
                    }
                  }
                  title="0.2 The Jungle Culture"
                  to="/jungleCulture"
                >
                  0.2 The Jungle Culture
                </Navigation__ItemLink>
              </Navigation__Item>
              <Navigation__Item>
                <Navigation__ItemLink
                  activeStyle={
                    Object {
                      "color": "#ffa50d",
                    }
                  }
                  title="0.3 Our People"
                  to="/ourPeople"
                >
                  0.3 Our People
                </Navigation__ItemLink>
              </Navigation__Item>
              <Navigation__Item>
                <Navigation__ItemLink
                  activeStyle={
                    Object {
                      "color": "#ffa50d",
                    }
                  }
                  title="0.4 How We Work"
                  to="/howWeWork"
                >
                  0.4 How We Work
                </Navigation__ItemLink>
              </Navigation__Item>
              <Navigation__Item>
                <Navigation__ItemLink
                  activeStyle={
                    Object {
                      "color": "#ffa50d",
                    }
                  }
                  title="0.5 Our Clients"
                  to="/ourClients"
                >
                  0.5 Our Clients
                </Navigation__ItemLink>
              </Navigation__Item>
            </Navigation__List>,
          ],
        },
        "ref": null,
        "rendered": Array [
          Object {
            "instance": null,
            "key": undefined,
            "nodeType": "class",
            "props": Object {
              "children": <Jungle />,
            },
            "ref": null,
            "rendered": Object {
              "instance": null,
              "key": undefined,
              "nodeType": "function",
              "props": Object {},
              "ref": null,
              "rendered": null,
              "type": [Function],
            },
            "type": [Function],
          },
          Object {
            "instance": null,
            "key": undefined,
            "nodeType": "class",
            "props": Object {
              "children": Array [
                <Navigation__Item>
                  <Navigation__ItemLink
                    activeStyle={
                      Object {
                        "color": "#ffa50d",
                      }
                    }
                    title="Overview"
                    to="/overview"
                  >
                    Overview
                  </Navigation__ItemLink>
                </Navigation__Item>,
                <Navigation__Item>
                  <Navigation__ItemLink
                    activeStyle={
                      Object {
                        "color": "#ffa50d",
                      }
                    }
                    title="0.0 FAQ"
                    to="/faq"
                  >
                    0.0 FAQ
                  </Navigation__ItemLink>
                </Navigation__Item>,
                <Navigation__Item>
                  <Navigation__ItemLink
                    activeStyle={
                      Object {
                        "color": "#ffa50d",
                      }
                    }
                    title="0.1 Jungle Minds"
                    to="/jungleMinds"
                  >
                    0.1 Jungle Minds
                  </Navigation__ItemLink>
                </Navigation__Item>,
                <Navigation__Item>
                  <Navigation__ItemLink
                    activeStyle={
                      Object {
                        "color": "#ffa50d",
                      }
                    }
                    title="0.2 The Jungle Culture"
                    to="/jungleCulture"
                  >
                    0.2 The Jungle Culture
                  </Navigation__ItemLink>
                </Navigation__Item>,
                <Navigation__Item>
                  <Navigation__ItemLink
                    activeStyle={
                      Object {
                        "color": "#ffa50d",
                      }
                    }
                    title="0.3 Our People"
                    to="/ourPeople"
                  >
                    0.3 Our People
                  </Navigation__ItemLink>
                </Navigation__Item>,
                <Navigation__Item>
                  <Navigation__ItemLink
                    activeStyle={
                      Object {
                        "color": "#ffa50d",
                      }
                    }
                    title="0.4 How We Work"
                    to="/howWeWork"
                  >
                    0.4 How We Work
                  </Navigation__ItemLink>
                </Navigation__Item>,
                <Navigation__Item>
                  <Navigation__ItemLink
                    activeStyle={
                      Object {
                        "color": "#ffa50d",
                      }
                    }
                    title="0.5 Our Clients"
                    to="/ourClients"
                  >
                    0.5 Our Clients
                  </Navigation__ItemLink>
                </Navigation__Item>,
              ],
            },
            "ref": null,
            "rendered": Array [
              Object {
                "instance": null,
                "key": "0",
                "nodeType": "class",
                "props": Object {
                  "children": <Navigation__ItemLink
                    activeStyle={
                      Object {
                        "color": "#ffa50d",
                      }
                    }
                    title="Overview"
                    to="/overview"
                  >
                    Overview
                  </Navigation__ItemLink>,
                },
                "ref": null,
                "rendered": Object {
                  "instance": null,
                  "key": undefined,
                  "nodeType": "class",
                  "props": Object {
                    "activeStyle": Object {
                      "color": "#ffa50d",
                    },
                    "children": "Overview",
                    "title": "Overview",
                    "to": "/overview",
                  },
                  "ref": null,
                  "rendered": "Overview",
                  "type": [Function],
                },
                "type": [Function],
              },
              Object {
                "instance": null,
                "key": "1",
                "nodeType": "class",
                "props": Object {
                  "children": <Navigation__ItemLink
                    activeStyle={
                      Object {
                        "color": "#ffa50d",
                      }
                    }
                    title="0.0 FAQ"
                    to="/faq"
                  >
                    0.0 FAQ
                  </Navigation__ItemLink>,
                },
                "ref": null,
                "rendered": Object {
                  "instance": null,
                  "key": undefined,
                  "nodeType": "class",
                  "props": Object {
                    "activeStyle": Object {
                      "color": "#ffa50d",
                    },
                    "children": "0.0 FAQ",
                    "title": "0.0 FAQ",
                    "to": "/faq",
                  },
                  "ref": null,
                  "rendered": "0.0 FAQ",
                  "type": [Function],
                },
                "type": [Function],
              },
              Object {
                "instance": null,
                "key": "2",
                "nodeType": "class",
                "props": Object {
                  "children": <Navigation__ItemLink
                    activeStyle={
                      Object {
                        "color": "#ffa50d",
                      }
                    }
                    title="0.1 Jungle Minds"
                    to="/jungleMinds"
                  >
                    0.1 Jungle Minds
                  </Navigation__ItemLink>,
                },
                "ref": null,
                "rendered": Object {
                  "instance": null,
                  "key": undefined,
                  "nodeType": "class",
                  "props": Object {
                    "activeStyle": Object {
                      "color": "#ffa50d",
                    },
                    "children": "0.1 Jungle Minds",
                    "title": "0.1 Jungle Minds",
                    "to": "/jungleMinds",
                  },
                  "ref": null,
                  "rendered": "0.1 Jungle Minds",
                  "type": [Function],
                },
                "type": [Function],
              },
              Object {
                "instance": null,
                "key": "3",
                "nodeType": "class",
                "props": Object {
                  "children": <Navigation__ItemLink
                    activeStyle={
                      Object {
                        "color": "#ffa50d",
                      }
                    }
                    title="0.2 The Jungle Culture"
                    to="/jungleCulture"
                  >
                    0.2 The Jungle Culture
                  </Navigation__ItemLink>,
                },
                "ref": null,
                "rendered": Object {
                  "instance": null,
                  "key": undefined,
                  "nodeType": "class",
                  "props": Object {
                    "activeStyle": Object {
                      "color": "#ffa50d",
                    },
                    "children": "0.2 The Jungle Culture",
                    "title": "0.2 The Jungle Culture",
                    "to": "/jungleCulture",
                  },
                  "ref": null,
                  "rendered": "0.2 The Jungle Culture",
                  "type": [Function],
                },
                "type": [Function],
              },
              Object {
                "instance": null,
                "key": "4",
                "nodeType": "class",
                "props": Object {
                  "children": <Navigation__ItemLink
                    activeStyle={
                      Object {
                        "color": "#ffa50d",
                      }
                    }
                    title="0.3 Our People"
                    to="/ourPeople"
                  >
                    0.3 Our People
                  </Navigation__ItemLink>,
                },
                "ref": null,
                "rendered": Object {
                  "instance": null,
                  "key": undefined,
                  "nodeType": "class",
                  "props": Object {
                    "activeStyle": Object {
                      "color": "#ffa50d",
                    },
                    "children": "0.3 Our People",
                    "title": "0.3 Our People",
                    "to": "/ourPeople",
                  },
                  "ref": null,
                  "rendered": "0.3 Our People",
                  "type": [Function],
                },
                "type": [Function],
              },
              Object {
                "instance": null,
                "key": "5",
                "nodeType": "class",
                "props": Object {
                  "children": <Navigation__ItemLink
                    activeStyle={
                      Object {
                        "color": "#ffa50d",
                      }
                    }
                    title="0.4 How We Work"
                    to="/howWeWork"
                  >
                    0.4 How We Work
                  </Navigation__ItemLink>,
                },
                "ref": null,
                "rendered": Object {
                  "instance": null,
                  "key": undefined,
                  "nodeType": "class",
                  "props": Object {
                    "activeStyle": Object {
                      "color": "#ffa50d",
                    },
                    "children": "0.4 How We Work",
                    "title": "0.4 How We Work",
                    "to": "/howWeWork",
                  },
                  "ref": null,
                  "rendered": "0.4 How We Work",
                  "type": [Function],
                },
                "type": [Function],
              },
              Object {
                "instance": null,
                "key": "6",
                "nodeType": "class",
                "props": Object {
                  "children": <Navigation__ItemLink
                    activeStyle={
                      Object {
                        "color": "#ffa50d",
                      }
                    }
                    title="0.5 Our Clients"
                    to="/ourClients"
                  >
                    0.5 Our Clients
                  </Navigation__ItemLink>,
                },
                "ref": null,
                "rendered": Object {
                  "instance": null,
                  "key": undefined,
                  "nodeType": "class",
                  "props": Object {
                    "activeStyle": Object {
                      "color": "#ffa50d",
                    },
                    "children": "0.5 Our Clients",
                    "title": "0.5 Our Clients",
                    "to": "/ourClients",
                  },
                  "ref": null,
                  "rendered": "0.5 Our Clients",
                  "type": [Function],
                },
                "type": [Function],
              },
            ],
            "type": [Function],
          },
        ],
        "type": [Function],
      },
      "type": [Function],
    },
  ],
  Symbol(enzyme.__options__): Object {
    "adapter": ReactSixteenAdapter {
      "options": Object {
        "enableComponentDidUpdateOnSetState": true,
      },
    },
  },
}
`;
