// Jest Snapshot v1, https://goo.gl/fbAQLP

exports[`Reducers Provide a collection of reducer functions 1`] = `
Object {
  "settings": [Function],
}
`;
