// Jest Snapshot v1, https://goo.gl/fbAQLP

exports[`renders without crashing 1`] = `
ShallowWrapper {
  "length": 1,
  Symbol(enzyme.__root__): [Circular],
  Symbol(enzyme.__unrendered__): <JungleMaslow />,
  Symbol(enzyme.__renderer__): Object {
    "batchedUpdates": [Function],
    "getNode": [Function],
    "render": [Function],
    "simulateEvent": [Function],
    "unmount": [Function],
  },
  Symbol(enzyme.__node__): Object {
    "instance": null,
    "key": undefined,
    "nodeType": "host",
    "props": Object {
      "children": Array [
        <HelmetWrapper
          defer={true}
          encodeSpecialCharacters={true}
          title="J ungleMinds"
        />,
        <Grid
          page="jungleMinds"
        >
          <header>
            <PageTitle
              image="./images/team_design.jpg"
              introText="test"
              introTitle="Onze structuur"
              mediaCaption="test"
              pageTitle="1.2 Jungle Maslow"
              textMedia={
                Array [
                  Object {
                    "text": "Jungle Minds is gewoon van Jungle Minds en zo willen we het graag houden. Dus geen externe aandeelhouders en verborgen belangen. Want onze onafhankelijkheid geeft ons rust en vooral de ruimte om onze eigen creatieve ambitie na te jagen en soms ook gewoon ergens nee tegen te zeggen.",
                    "title": "Financiële autonomie",
                  },
                  Object {
                    "text": "Goede mensen zoeken goede mensen om mee te werken. En dus leggen we de lat hoog, hechten we veel waarde aan cultuur en investeren we flink in de persoonlijk ontwikkeling van onze mensen.",
                    "title": "Een ijzersterk team op een fijne plek ",
                  },
                ]
              }
            />
            <Intro
              image="./images/team_design.jpg"
              introText="test"
              introTitle="Onze structuur"
              mediaCaption="test"
              pageTitle="1.2 Jungle Maslow"
              textMedia={
                Array [
                  Object {
                    "text": "Jungle Minds is gewoon van Jungle Minds en zo willen we het graag houden. Dus geen externe aandeelhouders en verborgen belangen. Want onze onafhankelijkheid geeft ons rust en vooral de ruimte om onze eigen creatieve ambitie na te jagen en soms ook gewoon ergens nee tegen te zeggen.",
                    "title": "Financiële autonomie",
                  },
                  Object {
                    "text": "Goede mensen zoeken goede mensen om mee te werken. En dus leggen we de lat hoog, hechten we veel waarde aan cultuur en investeren we flink in de persoonlijk ontwikkeling van onze mensen.",
                    "title": "Een ijzersterk team op een fijne plek ",
                  },
                ]
              }
            />
            <TextAndImage
              image="./images/team_design.jpg"
              introText="test"
              introTitle="Onze structuur"
              mediaCaption="test"
              pageTitle="1.2 Jungle Maslow"
              textMedia={
                Array [
                  Object {
                    "text": "Jungle Minds is gewoon van Jungle Minds en zo willen we het graag houden. Dus geen externe aandeelhouders en verborgen belangen. Want onze onafhankelijkheid geeft ons rust en vooral de ruimte om onze eigen creatieve ambitie na te jagen en soms ook gewoon ergens nee tegen te zeggen.",
                    "title": "Financiële autonomie",
                  },
                  Object {
                    "text": "Goede mensen zoeken goede mensen om mee te werken. En dus leggen we de lat hoog, hechten we veel waarde aan cultuur en investeren we flink in de persoonlijk ontwikkeling van onze mensen.",
                    "title": "Een ijzersterk team op een fijne plek ",
                  },
                ]
              }
            />
          </header>
        </Grid>,
      ],
      "className": "jungleMinds",
      "data-test": undefined,
    },
    "ref": null,
    "rendered": Array [
      Object {
        "instance": null,
        "key": undefined,
        "nodeType": "class",
        "props": Object {
          "defer": true,
          "encodeSpecialCharacters": true,
          "title": "J ungleMinds",
        },
        "ref": null,
        "rendered": null,
        "type": [Function],
      },
      Object {
        "instance": null,
        "key": undefined,
        "nodeType": "function",
        "props": Object {
          "children": <header>
            <PageTitle
              image="./images/team_design.jpg"
              introText="test"
              introTitle="Onze structuur"
              mediaCaption="test"
              pageTitle="1.2 Jungle Maslow"
              textMedia={
                Array [
                  Object {
                    "text": "Jungle Minds is gewoon van Jungle Minds en zo willen we het graag houden. Dus geen externe aandeelhouders en verborgen belangen. Want onze onafhankelijkheid geeft ons rust en vooral de ruimte om onze eigen creatieve ambitie na te jagen en soms ook gewoon ergens nee tegen te zeggen.",
                    "title": "Financiële autonomie",
                  },
                  Object {
                    "text": "Goede mensen zoeken goede mensen om mee te werken. En dus leggen we de lat hoog, hechten we veel waarde aan cultuur en investeren we flink in de persoonlijk ontwikkeling van onze mensen.",
                    "title": "Een ijzersterk team op een fijne plek ",
                  },
                ]
              }
            />
            <Intro
              image="./images/team_design.jpg"
              introText="test"
              introTitle="Onze structuur"
              mediaCaption="test"
              pageTitle="1.2 Jungle Maslow"
              textMedia={
                Array [
                  Object {
                    "text": "Jungle Minds is gewoon van Jungle Minds en zo willen we het graag houden. Dus geen externe aandeelhouders en verborgen belangen. Want onze onafhankelijkheid geeft ons rust en vooral de ruimte om onze eigen creatieve ambitie na te jagen en soms ook gewoon ergens nee tegen te zeggen.",
                    "title": "Financiële autonomie",
                  },
                  Object {
                    "text": "Goede mensen zoeken goede mensen om mee te werken. En dus leggen we de lat hoog, hechten we veel waarde aan cultuur en investeren we flink in de persoonlijk ontwikkeling van onze mensen.",
                    "title": "Een ijzersterk team op een fijne plek ",
                  },
                ]
              }
            />
            <TextAndImage
              image="./images/team_design.jpg"
              introText="test"
              introTitle="Onze structuur"
              mediaCaption="test"
              pageTitle="1.2 Jungle Maslow"
              textMedia={
                Array [
                  Object {
                    "text": "Jungle Minds is gewoon van Jungle Minds en zo willen we het graag houden. Dus geen externe aandeelhouders en verborgen belangen. Want onze onafhankelijkheid geeft ons rust en vooral de ruimte om onze eigen creatieve ambitie na te jagen en soms ook gewoon ergens nee tegen te zeggen.",
                    "title": "Financiële autonomie",
                  },
                  Object {
                    "text": "Goede mensen zoeken goede mensen om mee te werken. En dus leggen we de lat hoog, hechten we veel waarde aan cultuur en investeren we flink in de persoonlijk ontwikkeling van onze mensen.",
                    "title": "Een ijzersterk team op een fijne plek ",
                  },
                ]
              }
            />
          </header>,
          "page": "jungleMinds",
        },
        "ref": null,
        "rendered": Object {
          "instance": null,
          "key": undefined,
          "nodeType": "host",
          "props": Object {
            "children": Array [
              <PageTitle
                image="./images/team_design.jpg"
                introText="test"
                introTitle="Onze structuur"
                mediaCaption="test"
                pageTitle="1.2 Jungle Maslow"
                textMedia={
                  Array [
                    Object {
                      "text": "Jungle Minds is gewoon van Jungle Minds en zo willen we het graag houden. Dus geen externe aandeelhouders en verborgen belangen. Want onze onafhankelijkheid geeft ons rust en vooral de ruimte om onze eigen creatieve ambitie na te jagen en soms ook gewoon ergens nee tegen te zeggen.",
                      "title": "Financiële autonomie",
                    },
                    Object {
                      "text": "Goede mensen zoeken goede mensen om mee te werken. En dus leggen we de lat hoog, hechten we veel waarde aan cultuur en investeren we flink in de persoonlijk ontwikkeling van onze mensen.",
                      "title": "Een ijzersterk team op een fijne plek ",
                    },
                  ]
                }
              />,
              <Intro
                image="./images/team_design.jpg"
                introText="test"
                introTitle="Onze structuur"
                mediaCaption="test"
                pageTitle="1.2 Jungle Maslow"
                textMedia={
                  Array [
                    Object {
                      "text": "Jungle Minds is gewoon van Jungle Minds en zo willen we het graag houden. Dus geen externe aandeelhouders en verborgen belangen. Want onze onafhankelijkheid geeft ons rust en vooral de ruimte om onze eigen creatieve ambitie na te jagen en soms ook gewoon ergens nee tegen te zeggen.",
                      "title": "Financiële autonomie",
                    },
                    Object {
                      "text": "Goede mensen zoeken goede mensen om mee te werken. En dus leggen we de lat hoog, hechten we veel waarde aan cultuur en investeren we flink in de persoonlijk ontwikkeling van onze mensen.",
                      "title": "Een ijzersterk team op een fijne plek ",
                    },
                  ]
                }
              />,
              <TextAndImage
                image="./images/team_design.jpg"
                introText="test"
                introTitle="Onze structuur"
                mediaCaption="test"
                pageTitle="1.2 Jungle Maslow"
                textMedia={
                  Array [
                    Object {
                      "text": "Jungle Minds is gewoon van Jungle Minds en zo willen we het graag houden. Dus geen externe aandeelhouders en verborgen belangen. Want onze onafhankelijkheid geeft ons rust en vooral de ruimte om onze eigen creatieve ambitie na te jagen en soms ook gewoon ergens nee tegen te zeggen.",
                      "title": "Financiële autonomie",
                    },
                    Object {
                      "text": "Goede mensen zoeken goede mensen om mee te werken. En dus leggen we de lat hoog, hechten we veel waarde aan cultuur en investeren we flink in de persoonlijk ontwikkeling van onze mensen.",
                      "title": "Een ijzersterk team op een fijne plek ",
                    },
                  ]
                }
              />,
            ],
          },
          "ref": null,
          "rendered": Array [
            Object {
              "instance": null,
              "key": undefined,
              "nodeType": "function",
              "props": Object {
                "image": "./images/team_design.jpg",
                "introText": "test",
                "introTitle": "Onze structuur",
                "mediaCaption": "test",
                "pageTitle": "1.2 Jungle Maslow",
                "textMedia": Array [
                  Object {
                    "text": "Jungle Minds is gewoon van Jungle Minds en zo willen we het graag houden. Dus geen externe aandeelhouders en verborgen belangen. Want onze onafhankelijkheid geeft ons rust en vooral de ruimte om onze eigen creatieve ambitie na te jagen en soms ook gewoon ergens nee tegen te zeggen.",
                    "title": "Financiële autonomie",
                  },
                  Object {
                    "text": "Goede mensen zoeken goede mensen om mee te werken. En dus leggen we de lat hoog, hechten we veel waarde aan cultuur en investeren we flink in de persoonlijk ontwikkeling van onze mensen.",
                    "title": "Een ijzersterk team op een fijne plek ",
                  },
                ],
              },
              "ref": null,
              "rendered": null,
              "type": [Function],
            },
            Object {
              "instance": null,
              "key": undefined,
              "nodeType": "function",
              "props": Object {
                "image": "./images/team_design.jpg",
                "introText": "test",
                "introTitle": "Onze structuur",
                "mediaCaption": "test",
                "pageTitle": "1.2 Jungle Maslow",
                "textMedia": Array [
                  Object {
                    "text": "Jungle Minds is gewoon van Jungle Minds en zo willen we het graag houden. Dus geen externe aandeelhouders en verborgen belangen. Want onze onafhankelijkheid geeft ons rust en vooral de ruimte om onze eigen creatieve ambitie na te jagen en soms ook gewoon ergens nee tegen te zeggen.",
                    "title": "Financiële autonomie",
                  },
                  Object {
                    "text": "Goede mensen zoeken goede mensen om mee te werken. En dus leggen we de lat hoog, hechten we veel waarde aan cultuur en investeren we flink in de persoonlijk ontwikkeling van onze mensen.",
                    "title": "Een ijzersterk team op een fijne plek ",
                  },
                ],
              },
              "ref": null,
              "rendered": null,
              "type": [Function],
            },
            Object {
              "instance": null,
              "key": undefined,
              "nodeType": "function",
              "props": Object {
                "image": "./images/team_design.jpg",
                "introText": "test",
                "introTitle": "Onze structuur",
                "mediaCaption": "test",
                "pageTitle": "1.2 Jungle Maslow",
                "textMedia": Array [
                  Object {
                    "text": "Jungle Minds is gewoon van Jungle Minds en zo willen we het graag houden. Dus geen externe aandeelhouders en verborgen belangen. Want onze onafhankelijkheid geeft ons rust en vooral de ruimte om onze eigen creatieve ambitie na te jagen en soms ook gewoon ergens nee tegen te zeggen.",
                    "title": "Financiële autonomie",
                  },
                  Object {
                    "text": "Goede mensen zoeken goede mensen om mee te werken. En dus leggen we de lat hoog, hechten we veel waarde aan cultuur en investeren we flink in de persoonlijk ontwikkeling van onze mensen.",
                    "title": "Een ijzersterk team op een fijne plek ",
                  },
                ],
              },
              "ref": null,
              "rendered": null,
              "type": [Function],
            },
          ],
          "type": "header",
        },
        "type": [Function],
      },
    ],
    "type": "div",
  },
  Symbol(enzyme.__nodes__): Array [
    Object {
      "instance": null,
      "key": undefined,
      "nodeType": "host",
      "props": Object {
        "children": Array [
          <HelmetWrapper
            defer={true}
            encodeSpecialCharacters={true}
            title="J ungleMinds"
          />,
          <Grid
            page="jungleMinds"
          >
            <header>
              <PageTitle
                image="./images/team_design.jpg"
                introText="test"
                introTitle="Onze structuur"
                mediaCaption="test"
                pageTitle="1.2 Jungle Maslow"
                textMedia={
                  Array [
                    Object {
                      "text": "Jungle Minds is gewoon van Jungle Minds en zo willen we het graag houden. Dus geen externe aandeelhouders en verborgen belangen. Want onze onafhankelijkheid geeft ons rust en vooral de ruimte om onze eigen creatieve ambitie na te jagen en soms ook gewoon ergens nee tegen te zeggen.",
                      "title": "Financiële autonomie",
                    },
                    Object {
                      "text": "Goede mensen zoeken goede mensen om mee te werken. En dus leggen we de lat hoog, hechten we veel waarde aan cultuur en investeren we flink in de persoonlijk ontwikkeling van onze mensen.",
                      "title": "Een ijzersterk team op een fijne plek ",
                    },
                  ]
                }
              />
              <Intro
                image="./images/team_design.jpg"
                introText="test"
                introTitle="Onze structuur"
                mediaCaption="test"
                pageTitle="1.2 Jungle Maslow"
                textMedia={
                  Array [
                    Object {
                      "text": "Jungle Minds is gewoon van Jungle Minds en zo willen we het graag houden. Dus geen externe aandeelhouders en verborgen belangen. Want onze onafhankelijkheid geeft ons rust en vooral de ruimte om onze eigen creatieve ambitie na te jagen en soms ook gewoon ergens nee tegen te zeggen.",
                      "title": "Financiële autonomie",
                    },
                    Object {
                      "text": "Goede mensen zoeken goede mensen om mee te werken. En dus leggen we de lat hoog, hechten we veel waarde aan cultuur en investeren we flink in de persoonlijk ontwikkeling van onze mensen.",
                      "title": "Een ijzersterk team op een fijne plek ",
                    },
                  ]
                }
              />
              <TextAndImage
                image="./images/team_design.jpg"
                introText="test"
                introTitle="Onze structuur"
                mediaCaption="test"
                pageTitle="1.2 Jungle Maslow"
                textMedia={
                  Array [
                    Object {
                      "text": "Jungle Minds is gewoon van Jungle Minds en zo willen we het graag houden. Dus geen externe aandeelhouders en verborgen belangen. Want onze onafhankelijkheid geeft ons rust en vooral de ruimte om onze eigen creatieve ambitie na te jagen en soms ook gewoon ergens nee tegen te zeggen.",
                      "title": "Financiële autonomie",
                    },
                    Object {
                      "text": "Goede mensen zoeken goede mensen om mee te werken. En dus leggen we de lat hoog, hechten we veel waarde aan cultuur en investeren we flink in de persoonlijk ontwikkeling van onze mensen.",
                      "title": "Een ijzersterk team op een fijne plek ",
                    },
                  ]
                }
              />
            </header>
          </Grid>,
        ],
        "className": "jungleMinds",
        "data-test": undefined,
      },
      "ref": null,
      "rendered": Array [
        Object {
          "instance": null,
          "key": undefined,
          "nodeType": "class",
          "props": Object {
            "defer": true,
            "encodeSpecialCharacters": true,
            "title": "J ungleMinds",
          },
          "ref": null,
          "rendered": null,
          "type": [Function],
        },
        Object {
          "instance": null,
          "key": undefined,
          "nodeType": "function",
          "props": Object {
            "children": <header>
              <PageTitle
                image="./images/team_design.jpg"
                introText="test"
                introTitle="Onze structuur"
                mediaCaption="test"
                pageTitle="1.2 Jungle Maslow"
                textMedia={
                  Array [
                    Object {
                      "text": "Jungle Minds is gewoon van Jungle Minds en zo willen we het graag houden. Dus geen externe aandeelhouders en verborgen belangen. Want onze onafhankelijkheid geeft ons rust en vooral de ruimte om onze eigen creatieve ambitie na te jagen en soms ook gewoon ergens nee tegen te zeggen.",
                      "title": "Financiële autonomie",
                    },
                    Object {
                      "text": "Goede mensen zoeken goede mensen om mee te werken. En dus leggen we de lat hoog, hechten we veel waarde aan cultuur en investeren we flink in de persoonlijk ontwikkeling van onze mensen.",
                      "title": "Een ijzersterk team op een fijne plek ",
                    },
                  ]
                }
              />
              <Intro
                image="./images/team_design.jpg"
                introText="test"
                introTitle="Onze structuur"
                mediaCaption="test"
                pageTitle="1.2 Jungle Maslow"
                textMedia={
                  Array [
                    Object {
                      "text": "Jungle Minds is gewoon van Jungle Minds en zo willen we het graag houden. Dus geen externe aandeelhouders en verborgen belangen. Want onze onafhankelijkheid geeft ons rust en vooral de ruimte om onze eigen creatieve ambitie na te jagen en soms ook gewoon ergens nee tegen te zeggen.",
                      "title": "Financiële autonomie",
                    },
                    Object {
                      "text": "Goede mensen zoeken goede mensen om mee te werken. En dus leggen we de lat hoog, hechten we veel waarde aan cultuur en investeren we flink in de persoonlijk ontwikkeling van onze mensen.",
                      "title": "Een ijzersterk team op een fijne plek ",
                    },
                  ]
                }
              />
              <TextAndImage
                image="./images/team_design.jpg"
                introText="test"
                introTitle="Onze structuur"
                mediaCaption="test"
                pageTitle="1.2 Jungle Maslow"
                textMedia={
                  Array [
                    Object {
                      "text": "Jungle Minds is gewoon van Jungle Minds en zo willen we het graag houden. Dus geen externe aandeelhouders en verborgen belangen. Want onze onafhankelijkheid geeft ons rust en vooral de ruimte om onze eigen creatieve ambitie na te jagen en soms ook gewoon ergens nee tegen te zeggen.",
                      "title": "Financiële autonomie",
                    },
                    Object {
                      "text": "Goede mensen zoeken goede mensen om mee te werken. En dus leggen we de lat hoog, hechten we veel waarde aan cultuur en investeren we flink in de persoonlijk ontwikkeling van onze mensen.",
                      "title": "Een ijzersterk team op een fijne plek ",
                    },
                  ]
                }
              />
            </header>,
            "page": "jungleMinds",
          },
          "ref": null,
          "rendered": Object {
            "instance": null,
            "key": undefined,
            "nodeType": "host",
            "props": Object {
              "children": Array [
                <PageTitle
                  image="./images/team_design.jpg"
                  introText="test"
                  introTitle="Onze structuur"
                  mediaCaption="test"
                  pageTitle="1.2 Jungle Maslow"
                  textMedia={
                    Array [
                      Object {
                        "text": "Jungle Minds is gewoon van Jungle Minds en zo willen we het graag houden. Dus geen externe aandeelhouders en verborgen belangen. Want onze onafhankelijkheid geeft ons rust en vooral de ruimte om onze eigen creatieve ambitie na te jagen en soms ook gewoon ergens nee tegen te zeggen.",
                        "title": "Financiële autonomie",
                      },
                      Object {
                        "text": "Goede mensen zoeken goede mensen om mee te werken. En dus leggen we de lat hoog, hechten we veel waarde aan cultuur en investeren we flink in de persoonlijk ontwikkeling van onze mensen.",
                        "title": "Een ijzersterk team op een fijne plek ",
                      },
                    ]
                  }
                />,
                <Intro
                  image="./images/team_design.jpg"
                  introText="test"
                  introTitle="Onze structuur"
                  mediaCaption="test"
                  pageTitle="1.2 Jungle Maslow"
                  textMedia={
                    Array [
                      Object {
                        "text": "Jungle Minds is gewoon van Jungle Minds en zo willen we het graag houden. Dus geen externe aandeelhouders en verborgen belangen. Want onze onafhankelijkheid geeft ons rust en vooral de ruimte om onze eigen creatieve ambitie na te jagen en soms ook gewoon ergens nee tegen te zeggen.",
                        "title": "Financiële autonomie",
                      },
                      Object {
                        "text": "Goede mensen zoeken goede mensen om mee te werken. En dus leggen we de lat hoog, hechten we veel waarde aan cultuur en investeren we flink in de persoonlijk ontwikkeling van onze mensen.",
                        "title": "Een ijzersterk team op een fijne plek ",
                      },
                    ]
                  }
                />,
                <TextAndImage
                  image="./images/team_design.jpg"
                  introText="test"
                  introTitle="Onze structuur"
                  mediaCaption="test"
                  pageTitle="1.2 Jungle Maslow"
                  textMedia={
                    Array [
                      Object {
                        "text": "Jungle Minds is gewoon van Jungle Minds en zo willen we het graag houden. Dus geen externe aandeelhouders en verborgen belangen. Want onze onafhankelijkheid geeft ons rust en vooral de ruimte om onze eigen creatieve ambitie na te jagen en soms ook gewoon ergens nee tegen te zeggen.",
                        "title": "Financiële autonomie",
                      },
                      Object {
                        "text": "Goede mensen zoeken goede mensen om mee te werken. En dus leggen we de lat hoog, hechten we veel waarde aan cultuur en investeren we flink in de persoonlijk ontwikkeling van onze mensen.",
                        "title": "Een ijzersterk team op een fijne plek ",
                      },
                    ]
                  }
                />,
              ],
            },
            "ref": null,
            "rendered": Array [
              Object {
                "instance": null,
                "key": undefined,
                "nodeType": "function",
                "props": Object {
                  "image": "./images/team_design.jpg",
                  "introText": "test",
                  "introTitle": "Onze structuur",
                  "mediaCaption": "test",
                  "pageTitle": "1.2 Jungle Maslow",
                  "textMedia": Array [
                    Object {
                      "text": "Jungle Minds is gewoon van Jungle Minds en zo willen we het graag houden. Dus geen externe aandeelhouders en verborgen belangen. Want onze onafhankelijkheid geeft ons rust en vooral de ruimte om onze eigen creatieve ambitie na te jagen en soms ook gewoon ergens nee tegen te zeggen.",
                      "title": "Financiële autonomie",
                    },
                    Object {
                      "text": "Goede mensen zoeken goede mensen om mee te werken. En dus leggen we de lat hoog, hechten we veel waarde aan cultuur en investeren we flink in de persoonlijk ontwikkeling van onze mensen.",
                      "title": "Een ijzersterk team op een fijne plek ",
                    },
                  ],
                },
                "ref": null,
                "rendered": null,
                "type": [Function],
              },
              Object {
                "instance": null,
                "key": undefined,
                "nodeType": "function",
                "props": Object {
                  "image": "./images/team_design.jpg",
                  "introText": "test",
                  "introTitle": "Onze structuur",
                  "mediaCaption": "test",
                  "pageTitle": "1.2 Jungle Maslow",
                  "textMedia": Array [
                    Object {
                      "text": "Jungle Minds is gewoon van Jungle Minds en zo willen we het graag houden. Dus geen externe aandeelhouders en verborgen belangen. Want onze onafhankelijkheid geeft ons rust en vooral de ruimte om onze eigen creatieve ambitie na te jagen en soms ook gewoon ergens nee tegen te zeggen.",
                      "title": "Financiële autonomie",
                    },
                    Object {
                      "text": "Goede mensen zoeken goede mensen om mee te werken. En dus leggen we de lat hoog, hechten we veel waarde aan cultuur en investeren we flink in de persoonlijk ontwikkeling van onze mensen.",
                      "title": "Een ijzersterk team op een fijne plek ",
                    },
                  ],
                },
                "ref": null,
                "rendered": null,
                "type": [Function],
              },
              Object {
                "instance": null,
                "key": undefined,
                "nodeType": "function",
                "props": Object {
                  "image": "./images/team_design.jpg",
                  "introText": "test",
                  "introTitle": "Onze structuur",
                  "mediaCaption": "test",
                  "pageTitle": "1.2 Jungle Maslow",
                  "textMedia": Array [
                    Object {
                      "text": "Jungle Minds is gewoon van Jungle Minds en zo willen we het graag houden. Dus geen externe aandeelhouders en verborgen belangen. Want onze onafhankelijkheid geeft ons rust en vooral de ruimte om onze eigen creatieve ambitie na te jagen en soms ook gewoon ergens nee tegen te zeggen.",
                      "title": "Financiële autonomie",
                    },
                    Object {
                      "text": "Goede mensen zoeken goede mensen om mee te werken. En dus leggen we de lat hoog, hechten we veel waarde aan cultuur en investeren we flink in de persoonlijk ontwikkeling van onze mensen.",
                      "title": "Een ijzersterk team op een fijne plek ",
                    },
                  ],
                },
                "ref": null,
                "rendered": null,
                "type": [Function],
              },
            ],
            "type": "header",
          },
          "type": [Function],
        },
      ],
      "type": "div",
    },
  ],
  Symbol(enzyme.__options__): Object {
    "adapter": ReactSixteenAdapter {
      "options": Object {
        "enableComponentDidUpdateOnSetState": true,
      },
    },
  },
}
`;
